{
  "status": "pass",
  "regions": 10,
  "europe_city_count": 47,
  "us_cities_on_land": 89,
  "overview_city_count": 3,
  "original_thin_labels_restored": 10,
  "named_regional_placements": 307,
  "london_on_great_britain": true,
  "orphan_dots": 0,
  "southern_pan_stop": true,
  "antarctica_present": true,
  "unbounded_polar_fill_removed": true,
  "detail_city_anchors_on_land": 396,
  "sourced_lakes_checked": [
    "Michigan",
    "Superior",
    "Huron",
    "Erie",
    "Ontario",
    "Great Bear",
    "Great Slave",
    "Winnipeg",
    "Athabasca"
  ],
  "terrain_detail_resolution": 4,
  "geography_tiles": 48,
  "removed_small_land_polygons": 6486,
  "removed_small_lake_polygons": 1336,
  "retained_lake_polygons": 30,
  "overview_badges_visible_at_minimum": true,
  "additional_close_cities": 40846,
  "new_maximum_native_zoom": 120,
  "close_city_name_and_dot_scale": 2,
  "hawaiian_islands_preserved": [
    "Niihau",
    "Kauai",
    "Oahu",
    "Molokai",
    "Lanai",
    "Maui",
    "Kahoolawe",
    "Hawaii"
  ],
  "resizable_reference_window": true,
  "rendered_dot_growth_checks": 14,
  "slower_population_based_reveal": true,
  "distinct_close_reveal_thresholds": 6969,
  "new_zealand_land_size": [
    154,
    193
  ],
  "zoom_range": [
    "1.0 viewport fit",
    "120 native"
  ],
  "unchanged_badges": 120,
  "other_full_sheets_byte_identical": 9,
  "europe_pixels_changed_outside_mask": 0,
  "complete_terrain_pixels": 14085120,
  "served_files_hash_verified": [
    "index.html",
    "index.js",
    "index.pck",
    "index.wasm"
  ],
  "additional_generations": 2,
  "actual_cost_usd": 0.02,
  "url": "https://windows-wsl.taile06c45.ts.net/pixel-atlas-prototype-01a07820/"
}
